// Jest Snapshot v1, https://goo.gl/fbAQLP

exports[`expect to render Header component 1`] = `
<div>
  <h1
    className="f1"
  >
    RoBros
  </h1>
  <button
    id="counter"
    onClick={[Function]}
  >
    Count: 
    0
  </button>
</div>
`;
